[0.007s][info][gc] Using G1
[3.763s][info][gc] GC(0) Pause Young (Normal) (G1 Evacuation Pause) 4M->2M(12M) 3.310ms
[3.782s][info][gc] GC(1) Pause Young (Normal) (G1 Evacuation Pause) 3M->2M(12M) 1.921ms
[3.797s][info][gc] GC(2) Pause Young (Normal) (G1 Evacuation Pause) 3M->2M(12M) 1.047ms
[3.826s][info][gc] GC(3) Pause Young (Normal) (G1 Evacuation Pause) 4M->3M(12M) 0.846ms
[3.858s][info][gc] GC(4) Pause Young (Normal) (G1 Evacuation Pause) 5M->3M(12M) 1.568ms
[3.875s][info][gc] GC(5) Pause Young (Normal) (G1 Evacuation Pause) 5M->4M(12M) 1.853ms
[3.889s][info][gc] GC(6) Pause Young (Normal) (G1 Evacuation Pause) 6M->4M(12M) 1.339ms
[3.942s][info][gc] GC(7) Pause Young (Normal) (G1 Evacuation Pause) 6M->3M(12M) 0.851ms
[4.003s][info][gc] GC(8) Pause Young (Normal) (G1 Evacuation Pause) 5M->4M(12M) 1.269ms
[4.086s][info][gc] GC(9) Pause Young (Normal) (G1 Evacuation Pause) 6M->4M(12M) 1.783ms
[7.129s][info][gc] GC(10) Pause Young (Normal) (G1 Evacuation Pause) 6M->5M(12M) 4.884ms
[24.120s][info][gc] GC(11) Pause Young (Normal) (G1 Evacuation Pause) 7M->5M(12M) 1.418ms
[42.128s][info][gc] GC(12) Pause Young (Normal) (G1 Evacuation Pause) 7M->5M(12M) 1.329ms
[43.315s][info][gc] GC(13) Pause Young (Concurrent Start) (G1 Humongous Allocation) 5M->5M(12M) 1.282ms
[43.315s][info][gc] GC(14) Concurrent Undo Cycle
[43.315s][info][gc] GC(14) Concurrent Undo Cycle 0.130ms
[62.133s][info][gc] GC(15) Pause Young (Normal) (G1 Evacuation Pause) 8M->5M(12M) 1.199ms
[63.019s][info][gc] GC(16) Pause Young (Concurrent Start) (G1 Humongous Allocation) 6M->6M(12M) 1.263ms
[63.019s][info][gc] GC(17) Concurrent Mark Cycle
[63.026s][info][gc] GC(17) Pause Remark 7M->7M(12M) 3.170ms
[63.028s][info][gc] GC(17) Pause Cleanup 8M->8M(12M) 0.071ms
[63.028s][info][gc] GC(17) Concurrent Mark Cycle 8.887ms
[63.033s][info][gc] GC(18) Pause Young (Prepare Mixed) (G1 Evacuation Pause) 9M->7M(12M) 1.481ms
[63.042s][info][gc] GC(19) Pause Young (Mixed) (G1 Evacuation Pause) 7M->6M(12M) 1.805ms
[63.051s][info][gc] GC(20) Pause Young (Concurrent Start) (G1 Evacuation Pause) 7M->6M(12M) 1.075ms
[63.051s][info][gc] GC(21) Concurrent Mark Cycle
[63.056s][info][gc] GC(21) Pause Remark 7M->7M(12M) 1.887ms
[63.058s][info][gc] GC(22) Pause Young (Normal) (G1 Evacuation Pause) 7M->6M(12M) 1.171ms
[63.059s][info][gc] GC(21) Pause Cleanup 6M->6M(12M) 0.074ms
[63.059s][info][gc] GC(21) Concurrent Mark Cycle 8.432ms
[63.061s][info][gc] GC(23) Pause Young (Prepare Mixed) (G1 Evacuation Pause) 7M->6M(12M) 0.849ms
[63.063s][info][gc] GC(24) Pause Young (Mixed) (G1 Evacuation Pause) 7M->6M(12M) 1.729ms
[63.066s][info][gc] GC(25) Pause Young (Concurrent Start) (G1 Evacuation Pause) 8M->6M(12M) 0.756ms
[63.066s][info][gc] GC(26) Concurrent Mark Cycle
[63.069s][info][gc] GC(27) Pause Young (Normal) (G1 Evacuation Pause) 8M->6M(12M) 0.734ms
[63.071s][info][gc] GC(26) Pause Remark 6M->6M(12M) 1.312ms
[63.071s][info][gc] GC(26) Pause Cleanup 6M->6M(12M) 0.002ms
[63.071s][info][gc] GC(26) Concurrent Mark Cycle 4.596ms
[63.073s][info][gc] GC(28) Pause Young (Normal) (G1 Evacuation Pause) 8M->6M(12M) 0.567ms
[63.075s][info][gc] GC(29) Pause Young (Concurrent Start) (G1 Evacuation Pause) 7M->6M(12M) 0.519ms
[63.075s][info][gc] GC(30) Concurrent Mark Cycle
[63.077s][info][gc] GC(31) Pause Young (Normal) (G1 Evacuation Pause) 7M->6M(12M) 0.282ms
[63.078s][info][gc] GC(32) Pause Young (Normal) (G1 Evacuation Pause) 7M->6M(12M) 0.208ms
[63.080s][info][gc] GC(30) Pause Remark 6M->6M(12M) 1.991ms
[63.081s][info][gc] GC(33) Pause Young (Normal) (G1 Evacuation Pause) 7M->6M(12M) 0.190ms
[63.081s][info][gc] GC(30) Pause Cleanup 6M->6M(12M) 0.036ms
[63.082s][info][gc] GC(30) Concurrent Mark Cycle 6.258ms
[63.082s][info][gc] GC(34) Pause Young (Normal) (G1 Evacuation Pause) 7M->6M(12M) 0.139ms
[63.084s][info][gc] GC(35) Pause Young (Concurrent Start) (G1 Evacuation Pause) 7M->6M(12M) 0.246ms
[63.084s][info][gc] GC(36) Concurrent Mark Cycle
[63.088s][info][gc] GC(37) Pause Young (Normal) (G1 Evacuation Pause) 7M->6M(12M) 0.481ms
[63.090s][info][gc] GC(36) Pause Remark 7M->7M(12M) 1.211ms
[63.090s][info][gc] GC(38) Pause Young (Normal) (G1 Evacuation Pause) 7M->6M(12M) 0.147ms
[63.091s][info][gc] GC(36) Pause Cleanup 7M->7M(12M) 0.010ms
[63.091s][info][gc] GC(36) Concurrent Mark Cycle 7.413ms
[63.091s][info][gc] GC(39) Pause Young (Normal) (G1 Evacuation Pause) 7M->6M(12M) 0.139ms
[63.093s][info][gc] GC(40) Pause Young (Concurrent Start) (G1 Evacuation Pause) 7M->6M(12M) 0.252ms
[63.093s][info][gc] GC(41) Concurrent Mark Cycle
[63.094s][info][gc] GC(42) Pause Young (Normal) (G1 Evacuation Pause) 7M->6M(12M) 0.184ms
[63.095s][info][gc] GC(43) Pause Young (Normal) (G1 Evacuation Pause) 7M->6M(12M) 0.150ms
[63.096s][info][gc] GC(41) Pause Remark 7M->7M(12M) 1.153ms
[63.097s][info][gc] GC(44) Pause Young (Normal) (G1 Evacuation Pause) 7M->7M(12M) 0.144ms
[63.098s][info][gc] GC(41) Pause Cleanup 7M->7M(12M) 0.010ms
[63.098s][info][gc] GC(41) Concurrent Mark Cycle 5.002ms
[63.099s][info][gc] GC(45) Pause Young (Concurrent Start) (G1 Humongous Allocation) 7M->7M(12M) 0.239ms
[63.099s][info][gc] GC(46) Concurrent Mark Cycle
[63.102s][info][gc] GC(46) Pause Remark 8M->8M(12M) 1.154ms
[63.103s][info][gc] GC(46) Pause Cleanup 8M->8M(12M) 0.011ms
[63.103s][info][gc] GC(46) Concurrent Mark Cycle 4.339ms
[71.181s][info][gc] GC(47) Pause Young (Normal) (G1 Evacuation Pause) 9M->5M(12M) 1.301ms
[81.145s][info][gc] GC(48) Pause Young (Concurrent Start) (G1 Evacuation Pause) 6M->5M(12M) 1.668ms
[81.146s][info][gc] GC(49) Concurrent Mark Cycle
[81.164s][info][gc] GC(49) Pause Remark 5M->5M(12M) 8.240ms
[81.170s][info][gc] GC(49) Pause Cleanup 5M->5M(12M) 0.117ms
[81.170s][info][gc] GC(49) Concurrent Mark Cycle 24.457ms
[81.802s][info][gc] GC(50) Pause Young (Concurrent Start) (G1 Humongous Allocation) 6M->5M(12M) 0.998ms
[81.802s][info][gc] GC(51) Concurrent Mark Cycle
[81.808s][info][gc] GC(51) Pause Remark 6M->6M(12M) 2.006ms
[81.809s][info][gc] GC(51) Pause Cleanup 6M->6M(12M) 0.087ms
[81.810s][info][gc] GC(51) Concurrent Mark Cycle 7.428ms
[90.200s][info][gc] GC(52) Pause Young (Normal) (G1 Evacuation Pause) 7M->5M(12M) 1.277ms
[99.205s][info][gc] GC(53) Pause Young (Concurrent Start) (G1 Evacuation Pause) 6M->5M(12M) 1.333ms
[99.206s][info][gc] GC(54) Concurrent Mark Cycle
[99.215s][info][gc] GC(54) Pause Remark 5M->5M(12M) 4.475ms
[99.218s][info][gc] GC(54) Pause Cleanup 5M->5M(12M) 0.104ms
[99.218s][info][gc] GC(54) Concurrent Mark Cycle 12.574ms
[113.970s][info][gc] GC(55) Pause Young (Concurrent Start) (G1 Humongous Allocation) 7M->5M(12M) 0.965ms
[113.970s][info][gc] GC(56) Concurrent Mark Cycle
[113.977s][info][gc] GC(56) Pause Remark 6M->6M(12M) 2.968ms
[113.978s][info][gc] GC(56) Pause Cleanup 6M->6M(12M) 0.051ms
[113.979s][info][gc] GC(56) Concurrent Mark Cycle 8.049ms
[132.228s][info][gc] GC(57) Pause Young (Normal) (G1 Evacuation Pause) 8M->6M(12M) 0.867ms
[142.234s][info][gc] GC(58) Pause Young (Concurrent Start) (G1 Evacuation Pause) 7M->6M(12M) 0.762ms
[142.234s][info][gc] GC(59) Concurrent Mark Cycle
[142.239s][info][gc] GC(59) Pause Remark 6M->6M(12M) 1.512ms
[142.240s][info][gc] GC(59) Pause Cleanup 6M->6M(12M) 0.054ms
[142.240s][info][gc] GC(59) Concurrent Mark Cycle 5.395ms
[151.238s][info][gc] GC(60) Pause Young (Normal) (G1 Evacuation Pause) 7M->6M(12M) 0.609ms
[161.242s][info][gc] GC(61) Pause Young (Concurrent Start) (G1 Evacuation Pause) 7M->6M(12M) 0.798ms
[161.242s][info][gc] GC(62) Concurrent Mark Cycle
[161.246s][info][gc] GC(62) Pause Remark 6M->6M(12M) 1.545ms
[161.248s][info][gc] GC(62) Pause Cleanup 6M->6M(12M) 0.060ms
[161.248s][info][gc] GC(62) Concurrent Mark Cycle 5.687ms
[170.246s][info][gc] GC(63) Pause Young (Normal) (G1 Evacuation Pause) 7M->6M(12M) 0.827ms
[180.251s][info][gc] GC(64) Pause Young (Concurrent Start) (G1 Evacuation Pause) 7M->6M(12M) 0.710ms
[180.251s][info][gc] GC(65) Concurrent Mark Cycle
[180.255s][info][gc] GC(65) Pause Remark 6M->6M(12M) 1.545ms
[180.256s][info][gc] GC(65) Pause Cleanup 6M->6M(12M) 0.039ms
[180.256s][info][gc] GC(65) Concurrent Mark Cycle 5.607ms
[190.160s][info][gc] GC(66) Pause Young (Normal) (G1 Evacuation Pause) 7M->6M(12M) 0.860ms
[199.260s][info][gc] GC(67) Pause Young (Concurrent Start) (G1 Evacuation Pause) 7M->6M(12M) 0.837ms
[199.260s][info][gc] GC(68) Concurrent Mark Cycle
[199.265s][info][gc] GC(68) Pause Remark 6M->6M(12M) 1.591ms
[199.266s][info][gc] GC(68) Pause Cleanup 6M->6M(12M) 0.065ms
[199.266s][info][gc] GC(68) Concurrent Mark Cycle 5.678ms
[209.171s][info][gc] GC(69) Pause Young (Normal) (G1 Evacuation Pause) 7M->5M(12M) 2.085ms
[228.286s][info][gc] GC(70) Pause Young (Concurrent Start) (G1 Evacuation Pause) 7M->5M(12M) 1.141ms
[228.286s][info][gc] GC(71) Concurrent Mark Cycle
[228.293s][info][gc] GC(71) Pause Remark 5M->5M(12M) 2.541ms
[228.295s][info][gc] GC(71) Pause Cleanup 5M->5M(12M) 0.082ms
[228.295s][info][gc] GC(71) Concurrent Mark Cycle 9.318ms
[247.304s][info][gc] GC(72) Pause Young (Normal) (G1 Evacuation Pause) 7M->5M(12M) 2.039ms
[267.193s][info][gc] GC(73) Pause Young (Concurrent Start) (G1 Evacuation Pause) 7M->5M(12M) 1.878ms
[267.193s][info][gc] GC(74) Concurrent Mark Cycle
[267.211s][info][gc] GC(74) Pause Remark 5M->5M(12M) 5.302ms
[267.214s][info][gc] GC(74) Pause Cleanup 5M->5M(12M) 0.094ms
[267.215s][info][gc] GC(74) Concurrent Mark Cycle 21.416ms
[286.329s][info][gc] GC(75) Pause Young (Normal) (G1 Evacuation Pause) 7M->5M(12M) 1.731ms
[304.343s][info][gc] GC(76) Pause Young (Concurrent Start) (G1 Evacuation Pause) 7M->5M(12M) 2.025ms
[304.343s][info][gc] GC(77) Concurrent Mark Cycle
[304.363s][info][gc] GC(77) Pause Remark 5M->5M(12M) 9.226ms
[304.368s][info][gc] GC(77) Pause Cleanup 5M->5M(12M) 0.115ms
[304.369s][info][gc] GC(77) Concurrent Mark Cycle 25.411ms
[321.216s][info][gc] GC(78) Pause Young (Normal) (G1 Evacuation Pause) 7M->5M(12M) 2.184ms
[339.369s][info][gc] GC(79) Pause Young (Concurrent Start) (G1 Evacuation Pause) 7M->5M(12M) 2.143ms
[339.369s][info][gc] GC(80) Concurrent Mark Cycle
[339.387s][info][gc] GC(80) Pause Remark 5M->5M(12M) 8.382ms
[339.392s][info][gc] GC(80) Pause Cleanup 5M->5M(12M) 0.085ms
[339.392s][info][gc] GC(80) Concurrent Mark Cycle 23.127ms
[357.382s][info][gc] GC(81) Pause Young (Normal) (G1 Evacuation Pause) 7M->5M(12M) 2.174ms
[376.392s][info][gc] GC(82) Pause Young (Concurrent Start) (G1 Evacuation Pause) 7M->5M(12M) 2.014ms
[376.392s][info][gc] GC(83) Concurrent Mark Cycle
[376.409s][info][gc] GC(83) Pause Remark 5M->5M(12M) 5.886ms
[376.414s][info][gc] GC(83) Pause Cleanup 5M->5M(12M) 0.131ms
[376.415s][info][gc] GC(83) Concurrent Mark Cycle 22.268ms
[395.407s][info][gc] GC(84) Pause Young (Normal) (G1 Evacuation Pause) 7M->5M(12M) 1.577ms
[415.423s][info][gc] GC(85) Pause Young (Concurrent Start) (G1 Evacuation Pause) 7M->5M(12M) 1.954ms
[415.423s][info][gc] GC(86) Concurrent Mark Cycle
[415.441s][info][gc] GC(86) Pause Remark 5M->5M(12M) 6.126ms
[415.446s][info][gc] GC(86) Pause Cleanup 5M->5M(12M) 0.090ms
[415.446s][info][gc] GC(86) Concurrent Mark Cycle 22.958ms
[434.438s][info][gc] GC(87) Pause Young (Prepare Mixed) (G1 Evacuation Pause) 7M->5M(12M) 1.959ms
[444.450s][info][gc] GC(88) Pause Young (Mixed) (G1 Evacuation Pause) 6M->5M(12M) 6.283ms
[463.463s][info][gc] GC(89) Pause Young (Concurrent Start) (G1 Evacuation Pause) 7M->5M(12M) 2.099ms
[463.463s][info][gc] GC(90) Concurrent Mark Cycle
[463.479s][info][gc] GC(90) Pause Remark 5M->5M(12M) 5.820ms
[463.483s][info][gc] GC(90) Pause Cleanup 5M->5M(12M) 0.105ms
[463.484s][info][gc] GC(90) Concurrent Mark Cycle 20.739ms
[483.479s][info][gc] GC(91) Pause Young (Prepare Mixed) (G1 Evacuation Pause) 7M->5M(12M) 2.055ms
[492.484s][info][gc] GC(92) Pause Young (Mixed) (G1 Evacuation Pause) 6M->5M(12M) 2.073ms
[522.508s][info][gc] GC(93) Pause Young (Concurrent Start) (G1 Evacuation Pause) 8M->5M(12M) 1.937ms
[522.509s][info][gc] GC(94) Concurrent Mark Cycle
[522.525s][info][gc] GC(94) Pause Remark 5M->5M(12M) 5.736ms
[522.525s][info][gc] GC(94) Pause Cleanup 5M->5M(12M) 0.008ms
[522.526s][info][gc] GC(94) Concurrent Mark Cycle 16.922ms
