[0.006s][info][gc] Using Parallel
[1.113s][info][gc] GC(0) Pause Young (Allocation Failure) 3M->1M(11M) 4.250ms
[5.836s][info][gc] GC(1) Pause Young (Allocation Failure) 4M->2M(11M) 1.608ms
[5.880s][info][gc] GC(2) Pause Young (Allocation Failure) 5M->3M(11M) 1.240ms
[5.912s][info][gc] GC(3) Pause Young (Allocation Failure) 6M->4M(11M) 1.831ms
[5.931s][info][gc] GC(4) Pause Young (Allocation Failure) 7M->5M(11M) 2.260ms
[6.062s][info][gc] GC(5) Pause Young (Allocation Failure) 8M->6M(10M) 1.972ms
[6.142s][info][gc] GC(6) Pause Young (Allocation Failure) 8M->6M(11M) 2.025ms
[6.151s][info][gc] GC(7) Pause Full (Ergonomics) 6M->4M(11M) 9.680ms
[10.185s][info][gc] GC(8) Pause Young (Allocation Failure) 6M->4M(11M) 2.312ms
[27.186s][info][gc] GC(9) Pause Young (Allocation Failure) 6M->4M(11M) 1.971ms
[44.217s][info][gc] GC(10) Pause Young (Allocation Failure) 6M->4M(11M) 1.026ms
[58.232s][info][gc] GC(11) Pause Young (Allocation Failure) 6M->4M(11M) 1.075ms
[77.250s][info][gc] GC(12) Pause Young (Allocation Failure) 6M->4M(11M) 0.373ms
[96.262s][info][gc] GC(13) Pause Young (Allocation Failure) 6M->4M(11M) 0.335ms
[115.281s][info][gc] GC(14) Pause Young (Allocation Failure) 6M->4M(11M) 0.300ms
[135.222s][info][gc] GC(15) Pause Young (Allocation Failure) 6M->4M(11M) 0.740ms
[144.310s][info][gc] GC(16) Pause Young (Allocation Failure) 6M->5M(11M) 0.589ms
[164.325s][info][gc] GC(17) Pause Young (Allocation Failure) 7M->5M(11M) 0.690ms
[183.341s][info][gc] GC(18) Pause Young (Allocation Failure) 7M->5M(11M) 0.672ms
[202.355s][info][gc] GC(19) Pause Young (Allocation Failure) 7M->5M(11M) 0.677ms
[222.368s][info][gc] GC(20) Pause Young (Allocation Failure) 7M->5M(11M) 0.722ms
[241.381s][info][gc] GC(21) Pause Young (Allocation Failure) 7M->5M(11M) 0.246ms
[261.277s][info][gc] GC(22) Pause Young (Allocation Failure) 7M->5M(11M) 0.576ms
[269.573s][info][gc] GC(23) Pause Young (Allocation Failure) 7M->6M(11M) 0.405ms
[269.577s][info][gc] GC(24) Pause Young (Allocation Failure) 8M->6M(11M) 0.466ms
[269.599s][info][gc] GC(25) Pause Full (Ergonomics) 6M->5M(11M) 22.164ms
[269.614s][info][gc] GC(26) Pause Young (Allocation Failure) 7M->5M(11M) 0.378ms
[269.625s][info][gc] GC(27) Pause Young (Allocation Failure) 7M->5M(11M) 0.244ms
[269.630s][info][gc] GC(28) Pause Young (Allocation Failure) 7M->6M(11M) 0.219ms
[269.632s][info][gc] GC(29) Pause Young (Allocation Failure) 8M->6M(11M) 0.226ms
[269.635s][info][gc] GC(30) Pause Young (Allocation Failure) 8M->6M(11M) 0.198ms
[269.638s][info][gc] GC(31) Pause Young (Allocation Failure) 8M->6M(11M) 0.214ms
[269.640s][info][gc] GC(32) Pause Young (Allocation Failure) 8M->6M(11M) 0.252ms
[269.642s][info][gc] GC(33) Pause Young (Allocation Failure) 8M->6M(11M) 0.209ms
[269.644s][info][gc] GC(34) Pause Young (Allocation Failure) 8M->6M(11M) 0.203ms
[269.647s][info][gc] GC(35) Pause Young (Allocation Failure) 8M->7M(11M) 0.221ms
[269.649s][info][gc] GC(36) Pause Young (Allocation Failure) 9M->7M(11M) 0.184ms
[269.651s][info][gc] GC(37) Pause Young (Allocation Failure) 8M->7M(11M) 0.180ms
[270.428s][info][gc] GC(38) Pause Young (Allocation Failure) 9M->7M(11M) 1.528ms
[288.420s][info][gc] GC(39) Pause Young (Allocation Failure) 9M->7M(11M) 0.399ms
[307.435s][info][gc] GC(40) Pause Young (Allocation Failure) 9M->7M(11M) 0.323ms
[313.427s][info][gc] GC(41) Pause Young (System.gc()) 7M->7M(11M) 0.310ms
[313.444s][info][gc] GC(42) Pause Full (System.gc()) 7M->4M(11M) 16.640ms
[314.740s][info][gc] GC(43) Pause Young (System.gc()) 5M->4M(11M) 0.337ms
[314.752s][info][gc] GC(44) Pause Full (System.gc()) 4M->4M(11M) 11.302ms
[333.458s][info][gc] GC(45) Pause Young (Allocation Failure) 6M->4M(11M) 0.705ms
[352.464s][info][gc] GC(46) Pause Young (Allocation Failure) 6M->4M(11M) 0.645ms
[371.317s][info][gc] GC(47) Pause Young (Allocation Failure) 6M->4M(11M) 0.743ms
[377.805s][info][gc] GC(48) Pause Young (Allocation Failure) 6M->5M(11M) 0.303ms
[377.808s][info][gc] GC(49) Pause Young (Allocation Failure) 7M->5M(11M) 0.367ms
[377.811s][info][gc] GC(50) Pause Young (Allocation Failure) 7M->5M(11M) 0.250ms
[377.814s][info][gc] GC(51) Pause Young (Allocation Failure) 7M->5M(11M) 0.206ms
[377.817s][info][gc] GC(52) Pause Young (Allocation Failure) 7M->6M(11M) 0.229ms
[377.820s][info][gc] GC(53) Pause Young (Allocation Failure) 8M->6M(11M) 0.220ms
[377.823s][info][gc] GC(54) Pause Young (Allocation Failure) 8M->6M(11M) 0.204ms
[377.827s][info][gc] GC(55) Pause Young (Allocation Failure) 8M->6M(11M) 0.234ms
[377.830s][info][gc] GC(56) Pause Young (Allocation Failure) 8M->6M(11M) 0.222ms
[377.833s][info][gc] GC(57) Pause Young (Allocation Failure) 8M->6M(11M) 0.226ms
[377.836s][info][gc] GC(58) Pause Young (Allocation Failure) 8M->6M(11M) 0.231ms
[377.838s][info][gc] GC(59) Pause Young (Allocation Failure) 8M->7M(11M) 0.256ms
[377.841s][info][gc] GC(60) Pause Young (Allocation Failure) 9M->7M(11M) 0.270ms
[377.843s][info][gc] GC(61) Pause Young (Allocation Failure) 8M->7M(11M) 0.202ms
[383.322s][info][gc] GC(62) Pause Young (Allocation Failure) 9M->6M(11M) 0.638ms
[401.499s][info][gc] GC(63) Pause Young (Allocation Failure) 8M->7M(11M) 0.869ms
[421.342s][info][gc] GC(64) Pause Young (Allocation Failure) 9M->7M(11M) 0.607ms
[440.523s][info][gc] GC(65) Pause Young (Allocation Failure) 9M->7M(11M) 0.881ms
[460.352s][info][gc] GC(66) Pause Young (Allocation Failure) 9M->6M(11M) 0.492ms
[476.356s][info][gc] GC(67) Pause Young (Allocation Failure) 8M->6M(11M) 0.227ms
[496.367s][info][gc] GC(68) Pause Young (Allocation Failure) 9M->7M(11M) 0.652ms
[525.594s][info][gc] GC(69) Pause Young (Allocation Failure) 10M->7M(11M) 0.444ms
[555.389s][info][gc] GC(70) Pause Young (Allocation Failure) 10M->7M(11M) 0.719ms
[584.630s][info][gc] GC(71) Pause Young (Allocation Failure) 10M->7M(11M) 0.504ms
[613.658s][info][gc] GC(72) Pause Young (Allocation Failure) 10M->7M(11M) 0.810ms
[636.444s][info][gc] GC(73) Pause Young (Allocation Failure) 9M->7M(11M) 0.296ms
[656.693s][info][gc] GC(74) Pause Young (Allocation Failure) 10M->8M(11M) 0.450ms
[656.703s][info][gc] GC(75) Pause Full (Ergonomics) 8M->5M(11M) 9.990ms
[680.708s][info][gc] GC(76) Pause Young (Allocation Failure) 8M->5M(11M) 0.409ms
[710.720s][info][gc] GC(77) Pause Young (Allocation Failure) 8M->5M(11M) 0.376ms
[740.736s][info][gc] GC(78) Pause Young (Allocation Failure) 8M->5M(11M) 0.549ms
[770.482s][info][gc] GC(79) Pause Young (Allocation Failure) 8M->5M(11M) 0.593ms
[800.494s][info][gc] GC(80) Pause Young (Allocation Failure) 8M->5M(11M) 0.559ms
[830.497s][info][gc] GC(81) Pause Young (Allocation Failure) 8M->5M(11M) 0.401ms
[860.513s][info][gc] GC(82) Pause Young (Allocation Failure) 8M->5M(11M) 0.600ms
[890.520s][info][gc] GC(83) Pause Young (Allocation Failure) 8M->5M(11M) 0.537ms
[919.874s][info][gc] GC(84) Pause Young (Allocation Failure) 8M->5M(11M) 0.690ms
[949.902s][info][gc] GC(85) Pause Young (Allocation Failure) 8M->5M(11M) 0.681ms
[979.552s][info][gc] GC(86) Pause Young (Allocation Failure) 8M->5M(11M) 0.674ms
[1009.563s][info][gc] GC(87) Pause Young (Allocation Failure) 8M->5M(11M) 0.667ms
[1038.975s][info][gc] GC(88) Pause Young (Allocation Failure) 8M->5M(11M) 0.868ms
[1068.998s][info][gc] GC(89) Pause Young (Allocation Failure) 8M->5M(11M) 0.284ms
[1100.022s][info][gc] GC(90) Pause Young (Allocation Failure) 8M->5M(11M) 0.781ms
[1130.051s][info][gc] GC(91) Pause Young (Allocation Failure) 8M->5M(11M) 0.221ms
[1160.076s][info][gc] GC(92) Pause Young (Allocation Failure) 8M->5M(11M) 0.824ms
[1191.094s][info][gc] GC(93) Pause Young (Allocation Failure) 8M->5M(11M) 0.389ms
[1219.120s][info][gc] GC(94) Pause Young (Allocation Failure) 8M->5M(11M) 0.856ms
[1247.653s][info][gc] GC(95) Pause Young (Allocation Failure) 8M->5M(11M) 0.882ms
[1277.155s][info][gc] GC(96) Pause Young (Allocation Failure) 8M->5M(11M) 0.924ms
[1307.175s][info][gc] GC(97) Pause Young (Allocation Failure) 8M->5M(11M) 0.733ms
[1337.201s][info][gc] GC(98) Pause Young (Allocation Failure) 8M->5M(11M) 0.256ms
[1367.230s][info][gc] GC(99) Pause Young (Allocation Failure) 8M->5M(11M) 0.749ms
