[0.008s][info][gc] Using The Z Garbage Collector
[0.136s][info][gc] GC(0) Garbage Collection (Warmup) 4M(17%)->4M(17%)
[1.147s][info][gc] GC(1) Garbage Collection (Warmup) 6M(25%)->4M(17%)
[3.539s][info][gc] GC(2) Garbage Collection (Warmup) 10M(42%)->8M(33%)
[3.651s][info][gc] GC(3) Garbage Collection (Allocation Rate) 18M(75%)->8M(33%)
[3.757s][info][gc] GC(4) Garbage Collection (Allocation Rate) 10M(42%)->8M(33%)
[3.842s][info][gc] GC(5) Garbage Collection (Allocation Rate) 10M(42%)->8M(33%)
[3.956s][info][gc] GC(6) Garbage Collection (Allocation Rate) 10M(42%)->10M(42%)
[4.055s][info][gc] GC(7) Garbage Collection (Allocation Rate) 12M(50%)->10M(42%)
[4.140s][info][gc] GC(8) Garbage Collection (Allocation Rate) 10M(42%)->8M(33%)
[4.253s][info][gc] GC(9) Garbage Collection (Allocation Rate) 10M(42%)->8M(33%)
[4.349s][info][gc] GC(10) Garbage Collection (Allocation Rate) 10M(42%)->10M(42%)
[4.439s][info][gc] GC(11) Garbage Collection (Allocation Rate) 10M(42%)->8M(33%)
[9.139s][info][gc] GC(12) Garbage Collection (Proactive) 12M(50%)->8M(33%)
[18.154s][info][gc] GC(13) Garbage Collection (Proactive) 12M(50%)->8M(33%)
[28.138s][info][gc] GC(14) Garbage Collection (Proactive) 12M(50%)->8M(33%)
[28.977s][info][gc] GC(15) Garbage Collection (Proactive) 12M(50%)->8M(33%)
[39.167s][info][gc] GC(16) Garbage Collection (Proactive) 12M(50%)->8M(33%)
[51.146s][info][gc] GC(17) Garbage Collection (Proactive) 12M(50%)->8M(33%)
[59.409s][info][gc] Allocation Stall (main) 12.479ms
[59.410s][info][gc] GC(18) Garbage Collection (Allocation Stall) 24M(100%)->14M(58%)
[59.431s][info][gc] Allocation Stall (main) 10.506ms
[59.432s][info][gc] GC(19) Garbage Collection (Allocation Stall) 24M(100%)->14M(58%)
[59.447s][info][gc] GC(20) Garbage Collection (Allocation Rate) 20M(83%)->18M(75%)
[59.571s][info][gc] GC(21) Garbage Collection (Allocation Rate) 18M(75%)->8M(33%)
[59.651s][info][gc] GC(22) Garbage Collection (Allocation Rate) 8M(33%)->8M(33%)
[59.774s][info][gc] GC(23) Garbage Collection (Allocation Rate) 8M(33%)->8M(33%)
[59.873s][info][gc] GC(24) Garbage Collection (Allocation Rate) 8M(33%)->8M(33%)
[59.965s][info][gc] GC(25) Garbage Collection (Allocation Rate) 8M(33%)->8M(33%)
[60.080s][info][gc] GC(26) Garbage Collection (Allocation Rate) 8M(33%)->10M(42%)
[60.148s][info][gc] GC(27) Garbage Collection (Allocation Rate) 10M(42%)->8M(33%)
[60.264s][info][gc] GC(28) Garbage Collection (Allocation Rate) 8M(33%)->8M(33%)
[60.475s][info][gc] GC(29) Garbage Collection (Allocation Rate) 8M(33%)->8M(33%)
[60.566s][info][gc] GC(30) Garbage Collection (Allocation Rate) 8M(33%)->8M(33%)
[60.680s][info][gc] GC(31) Garbage Collection (Allocation Rate) 8M(33%)->8M(33%)
[60.772s][info][gc] GC(32) Garbage Collection (Allocation Rate) 8M(33%)->8M(33%)
[60.874s][info][gc] GC(33) Garbage Collection (Allocation Rate) 8M(33%)->8M(33%)
[60.965s][info][gc] GC(34) Garbage Collection (Allocation Rate) 8M(33%)->8M(33%)
[61.075s][info][gc] GC(35) Garbage Collection (Allocation Rate) 8M(33%)->10M(42%)
[61.144s][info][gc] GC(36) Garbage Collection (Allocation Rate) 10M(42%)->10M(42%)
[61.280s][info][gc] GC(37) Garbage Collection (Allocation Rate) 10M(42%)->10M(42%)
[73.147s][info][gc] GC(38) Garbage Collection (Proactive) 14M(58%)->10M(42%)
[84.173s][info][gc] GC(39) Garbage Collection (Proactive) 14M(58%)->10M(42%)
[87.237s][info][gc] GC(40) Garbage Collection (Proactive) 14M(58%)->12M(50%)
[113.166s][info][gc] GC(41) Garbage Collection (Proactive) 16M(67%)->10M(42%)
[125.251s][info][gc] GC(42) Garbage Collection (Proactive) 14M(58%)->12M(50%)
[154.250s][info][gc] GC(43) Garbage Collection (Proactive) 16M(67%)->12M(50%)
[185.142s][info][gc] GC(44) Garbage Collection (Proactive) 16M(67%)->12M(50%)
[214.774s][info][gc] GC(45) Garbage Collection (Proactive) 16M(67%)->8M(33%)
[229.374s][info][gc] GC(46) Garbage Collection (Proactive) 12M(50%)->8M(33%)
[242.365s][info][gc] GC(47) Garbage Collection (Proactive) 12M(50%)->8M(33%)
[255.371s][info][gc] GC(48) Garbage Collection (Proactive) 12M(50%)->8M(33%)
[270.379s][info][gc] GC(49) Garbage Collection (Proactive) 12M(50%)->8M(33%)
[285.368s][info][gc] GC(50) Garbage Collection (Proactive) 12M(50%)->8M(33%)
[300.365s][info][gc] GC(51) Garbage Collection (Proactive) 12M(50%)->8M(33%)
[313.375s][info][gc] GC(52) Garbage Collection (Proactive) 12M(50%)->8M(33%)
[328.378s][info][gc] GC(53) Garbage Collection (Proactive) 12M(50%)->8M(33%)
[343.490s][info][gc] GC(54) Garbage Collection (Proactive) 12M(50%)->8M(33%)
[356.479s][info][gc] GC(55) Garbage Collection (Proactive) 12M(50%)->8M(33%)
[371.470s][info][gc] GC(56) Garbage Collection (Proactive) 12M(50%)->8M(33%)
[386.482s][info][gc] GC(57) Garbage Collection (Proactive) 12M(50%)->8M(33%)
[401.466s][info][gc] GC(58) Garbage Collection (Proactive) 12M(50%)->8M(33%)
[416.482s][info][gc] GC(59) Garbage Collection (Proactive) 12M(50%)->8M(33%)
[431.476s][info][gc] GC(60) Garbage Collection (Proactive) 12M(50%)->8M(33%)
[446.449s][info][gc] GC(61) Garbage Collection (Proactive) 12M(50%)->8M(33%)
