[0.006s][info][gc] Using Serial
[1.079s][info][gc] GC(0) Pause Young (Allocation Failure) 3M->1M(11M) 3.228ms
[3.369s][info][gc] GC(1) Pause Young (Allocation Failure) 5M->2M(11M) 2.259ms
[3.424s][info][gc] GC(2) Pause Young (Allocation Failure) 5M->3M(11M) 1.964ms
[3.452s][info][gc] GC(3) Pause Young (Allocation Failure) 6M->3M(11M) 0.884ms
[3.528s][info][gc] GC(4) Pause Young (Allocation Failure) 6M->3M(11M) 0.913ms
[3.659s][info][gc] GC(5) Pause Young (Allocation Failure) 6M->4M(11M) 2.542ms
[14.727s][info][gc] GC(6) Pause Young (Allocation Failure) 7M->4M(11M) 7.301ms
[33.790s][info][gc] GC(7) Pause Young (Allocation Failure) 7M->5M(11M) 2.525ms
[63.730s][info][gc] GC(8) Pause Young (Allocation Failure) 8M->5M(11M) 0.369ms
[92.871s][info][gc] GC(9) Pause Young (Allocation Failure) 8M->5M(11M) 1.203ms
[111.028s][info][gc] GC(10) Pause Young (Allocation Failure) 8M->6M(11M) 0.828ms
[111.033s][info][gc] GC(11) Pause Young (Allocation Failure) 9M->6M(11M) 0.456ms
[111.051s][info][gc] GC(12) Pause Young (Allocation Failure) 9M->6M(11M) 0.434ms
[111.056s][info][gc] GC(13) Pause Young (Allocation Failure) 9M->6M(11M) 0.510ms
[111.059s][info][gc] GC(14) Pause Young (Allocation Failure) 9M->6M(11M) 0.197ms
[111.062s][info][gc] GC(15) Pause Young (Allocation Failure) 10M->7M(11M) 0.320ms
[111.066s][info][gc] GC(16) Pause Young (Allocation Failure) 10M->10M(11M) 0.021ms
[111.077s][info][gc] GC(17) Pause Full (Allocation Failure) 10M->6M(11M) 11.288ms
[111.080s][info][gc] GC(18) Pause Young (Allocation Failure) 9M->9M(11M) 0.028ms
[111.090s][info][gc] GC(19) Pause Full (Allocation Failure) 9M->6M(11M) 9.103ms
[111.093s][info][gc] GC(20) Pause Young (Allocation Failure) 10M->10M(11M) 0.025ms
[111.101s][info][gc] GC(21) Pause Full (Allocation Failure) 10M->6M(11M) 8.502ms
[120.843s][info][gc] GC(22) Pause Young (Allocation Failure) 10M->10M(11M) 0.033ms
[120.853s][info][gc] GC(23) Pause Full (Allocation Failure) 10M->4M(11M) 9.966ms
[151.850s][info][gc] GC(24) Pause Young (Allocation Failure) 8M->4M(11M) 0.861ms
[183.873s][info][gc] GC(25) Pause Young (Allocation Failure) 8M->4M(11M) 0.835ms
[204.890s][info][gc] GC(26) Pause Young (Allocation Failure) 8M->5M(11M) 0.340ms
[236.909s][info][gc] GC(27) Pause Young (Allocation Failure) 9M->5M(11M) 0.269ms
[258.928s][info][gc] GC(28) Pause Young (Allocation Failure) 9M->5M(11M) 1.122ms
[290.950s][info][gc] GC(29) Pause Young (Allocation Failure) 9M->5M(11M) 1.062ms
[311.796s][info][gc] GC(30) Pause Young (Allocation Failure) 8M->5M(11M) 0.508ms
[332.968s][info][gc] GC(31) Pause Young (Allocation Failure) 9M->6M(11M) 0.427ms
[362.978s][info][gc] GC(32) Pause Young (Allocation Failure) 10M->10M(11M) 0.031ms
[362.989s][info][gc] GC(33) Pause Full (Allocation Failure) 10M->5M(11M) 11.154ms
[393.987s][info][gc] GC(34) Pause Young (Allocation Failure) 9M->5M(11M) 0.301ms
[425.008s][info][gc] GC(35) Pause Young (Allocation Failure) 9M->5M(11M) 1.167ms
[457.028s][info][gc] GC(36) Pause Young (Allocation Failure) 9M->5M(11M) 1.251ms
[489.049s][info][gc] GC(37) Pause Young (Allocation Failure) 9M->5M(11M) 0.301ms
[521.074s][info][gc] GC(38) Pause Young (Allocation Failure) 9M->5M(11M) 1.172ms
[553.093s][info][gc] GC(39) Pause Young (Allocation Failure) 9M->5M(11M) 1.095ms
[585.936s][info][gc] GC(40) Pause Young (Allocation Failure) 9M->5M(11M) 0.978ms
[617.130s][info][gc] GC(41) Pause Young (Allocation Failure) 9M->5M(11M) 1.303ms
